Nettoyage des cartes
diss_path : /home/catds_diss/data/cpdc/vqual/current/MAP
